// Jest Snapshot v1, https://goo.gl/fbAQLP

exports[`<App/> should have the same ui structure 1`] = `<SearchProduct />`;
