// Jest Snapshot v1, https://goo.gl/fbAQLP

exports[`<Loading/> With rendered loading empty when not have active parameter should have the same ui structure 1`] = `<div />`;

exports[`<Loading/> With rendered loading when have active parameter should have the same ui structure 1`] = `
<div
  className="walmark-loading"
>
  <img
    alt="loading"
    className="walmark-loading-image"
    src="https://pa1.narvii.com/6707/4e37fbb8e916b7d46b321e1fc903877608897b23_hq.gif"
  />
</div>
`;
